<?xml version="1.0" encoding="UTF-8"?>
<testsuites name="jest tests" tests="3" failures="0" errors="0" time="4.918">
  <testsuite name="getClinicSlots" errors="0" failures="0" skipped="0" timestamp="2024-01-09T03:54:15" time="4.007" tests="2">
    <testcase classname="getClinicSlots should retrieve slots for a valid clinic ID" name="getClinicSlots should retrieve slots for a valid clinic ID" time="0.013">
    </testcase>
    <testcase classname="getClinicSlots should throw an exception for an invalid clinic ID" name="getClinicSlots should throw an exception for an invalid clinic ID" time="0.01">
    </testcase>
  </testsuite>
  <testsuite name="getClinic" errors="0" failures="0" skipped="0" timestamp="2024-01-09T03:54:15" time="4.316" tests="1">
    <testcase classname="getClinic should return Not found. Clinic does not exists." name="getClinic should return Not found. Clinic does not exists." time="0.006">
    </testcase>
  </testsuite>
</testsuites>